---
source: crates/amalgam-parser/tests/comprehensive_nickel_test.rs
expression: snapshot_content
---
SUCCESS: false

OUTPUT:
STDERR:
error: import of ../../v0/mod.ncl failed: could not find import (looked in [/Users/jtoft/src/ai/amalgam/examples/pkgs/k8s_io/api/core])
  ┌─ /Users/jtoft/src/ai/amalgam/examples/pkgs/k8s_io/api/core/v1.ncl:3:16
  │
3 │ let v0Module = import "../../v0/mod.ncl" in
  │                ------------------------- imported here


STDOUT:
