---
source: crates/amalgam-parser/tests/comprehensive_nickel_test.rs
expression: snapshot_content
---
SUCCESS: false

OUTPUT:
STDERR:
error: import of examples/pkgs/k8s_io/api/coordination/v1alpha2.ncl failed: could not find import (looked in [/Users/jtoft/src/ai/amalgam])
  ┌─ /Users/jtoft/src/ai/amalgam/test_comprehensive_temp.ncl:4:16
  │
4 │ let v1alpha2 = import "examples/pkgs/k8s_io/api/coordination/v1alpha2.ncl" in
  │                ----------------------------------------------------------- imported here


STDOUT:
