---
source: crates/amalgam-parser/tests/practical_usage_snapshot_test.rs
expression: type_content
---
# Module: example.com.v1

{
  spec
    | {
    image
      | String
      | optional,
    replicas
      | Number
      | std.contract.from_predicate (fun value => value >= 1 && value <= 100)
      | optional
  }
    | optional,
  status
    | {
    ready
      | Bool
      | optional
  }
    | optional
}
