---
source: crates/amalgam-parser/tests/snapshot_test.rs
expression: all_versions
---
{
  spec | optional | {
    field1 | optional | String
  }
}
{
  spec | optional | {
    field1 | optional | String,
    field2 | optional | Number
  }
}
{
  metadata | optional | objectmeta.ObjectMeta,
  spec | optional | {
    field1 | optional | String,
    field2 | optional | Number,
    field3 | optional | Bool
  }
}
