---
source: crates/amalgam-parser/tests/snapshot_test.rs
expression: generated
---
{
  spec
     | {
    config
       | {
      cache
         | {
        ttl
           | Number
           | optional
      }
         | optional,
      database
         | {
        host
           | String
           | optional,
        port
           | Number
           | optional
      }
         | optional
    }
       | optional
  }
     | optional
}
