---
source: crates/amalgam-parser/tests/snapshot_test.rs
expression: content
---
{
  metadata
     | objectMeta
     | optional,
  spec
     | {
    resources
       | io.k8s.api.core.v1.ResourceRequirements
       | optional,
    selector
       | io.k8s.apimachinery.pkg.apis.meta.v1.LabelSelector
       | optional,
    volumes
       | Array io.k8s.api.core.v1.Volume
       | optional
  }
     | optional
}
