---
source: crates/amalgam-parser/tests/snapshot_test.rs
expression: all_versions
---
{
  spec
     | {
    field1
       | String
       | optional
  }
     | optional
}
{
  spec
     | {
    field1
       | String
       | optional,
    field2
       | Number
       | optional
  }
     | optional
}
{
  metadata
     | v1Module.ObjectMeta
     | optional,
  spec
     | {
    field1
       | String
       | optional,
    field2
       | Number
       | optional,
    field3
       | Bool
       | optional
  }
     | optional
}
