---
source: crates/amalgam-parser/tests/snapshot_test.rs
assertion_line: 80
expression: generated
---
# Module: Nested.v1.test.io

{
  Nested = {
    spec | optional | {
      config | optional | {
        cache | optional | {
          ttl | optional | Number,
        },
        database | optional | {
          host | optional | String,
          port | optional | Number,
        },
      },
    },
  },
}
