---
source: crates/amalgam-parser/tests/snapshot_test.rs
expression: content
---
{
  metadata | optional | objectmeta.ObjectMeta,
  spec | optional | {
    resources | optional | io.k8s.api.core.v1.resourcerequirements.io.k8s.api.core.v1.ResourceRequirements,
    selector | optional | io.k8s.apimachinery.pkg.apis.meta.v1.labelselector.io.k8s.apimachinery.pkg.apis.meta.v1.LabelSelector,
    volumes | optional | Array io.k8s.api.core.v1.volume.io.k8s.api.core.v1.Volume
  }
}
