---
source: crates/amalgam-parser/tests/snapshot_test.rs
expression: generated
---
{
  spec | optional | {
    config | optional | {
      cache | optional | {
        ttl | optional | Number
      },
      database | optional | {
        host | optional | String,
        port | optional | Number
      }
    }
  }
}
