---
source: crates/amalgam-parser/tests/snapshot_test.rs
expression: content
---
{
  metadata
     | v1Module.ObjectMeta
     | optional,
  spec
     | {
    configs
       | Array {
      name
         | String
         | optional,
      value
         | String
         | optional
    }
       | optional,
    items
       | Array String
       | optional
  }
     | optional
}
