---
source: crates/amalgam-parser/tests/snapshot_test.rs
expression: all_versions
---
Evolving = {
  spec
    | {
    field1
      | String
      | optional
  }
    | optional
}
Evolving = {
  spec
    | {
    field1
      | String
      | optional,
    field2
      | Number
      | optional
  }
    | optional
}
let metav1 = import "../../k8s_io/apimachinery.pkg.apis/meta/v1/mod.ncl" in

Evolving = {
  metadata
    | metav1.ObjectMeta
    | optional,
  spec
    | {
    field1
      | String
      | optional,
    field2
      | Number
      | optional,
    field3
      | Bool
      | optional
  }
    | optional
}
